Script started on Sat 08 Sep 2018 03:49:50 AM CDT
]0;thatchdawg@thatchdawg:~/cs161[?1034h[thatchdawg@thatchdawg cs161]$ cd root/
]0;thatchdawg@thatchdawg:~/cs161/root[thatchdawg@thatchdawg root]$ cds[K[Ks161-gdb kernel
[?1034hGNU gdb 6.6
Copyright (C) 2006 Free Software Foundation, Inc.
GDB is free software, covered by the GNU General Public License, and you are
welcome to change it and/or distribute copies of it under certain conditions.
Type "show copying" to see the conditions.
There is absolutely no warranty for GDB.  Type "show warranty" for details.
This GDB was configured as "--host=i686-pc-linux-gnu --target=mips-elf"...
/home/thatchdawg/.gdbinit:1: Error in sourced command file:
No symbol table is loaded.  Use the "file" command.
(gdb) target remote un[Knix:.sockes[Kts/gdb
Remote debugging using unix:.sockets/gdb
__start () at ../../arch/mips/mips/start.S:24
24	../../arch/mips/mips/start.S: No such file or directory.
	in ../../arch/mips/mips/start.S
Current language:  auto; currently asm
(gdb) break be[K[Kmenu
Breakpoint 1 at 0x8001ba6c
(gdb) c
Continuing.

Breakpoint 1, 0xffffffff8001ba6c in menu ()
(gdb) where
#0  0xffffffff8001ba6c in menu ()
#1  0xffffffff8001a99c in kmain ()
#2  0xffffffff8000d274 in __start () at ../../arch/mips/mips/start.S:163
(gdb) detach
Ending remote debugging.
(gdb) quit
]0;thatchdawg@thatchdawg:~/cs161/root[thatchdawg@thatchdawg root]$ exit
exit

Script done on Sat 08 Sep 2018 03:51:10 AM CDT
